EXAMPLE_RESULT research_02 cell_eff=13.3132 cell_voc=0.8942 cell_jsc=18.1638 cell_ff=0.7377 cell_pmax=0.0119807
EXAMPLE_RESULT research_04 voc_slope_mV_per_K=-2.2171
EXAMPLE_RESULT research_03 Beer-Lambert_eff=9.2454 Beer-Lambert_voc=1.0081 Beer-Lambert_jsc=9.7968 Beer-Lambert_ff=0.8424 Beer-Lambert_pmax=0.00832009 TMM_eff=8.9311 TMM_voc=1.0071 TMM_jsc=9.4798 TMM_ff=0.8419 TMM_pmax=0.00803725
EXAMPLE_RESULT research_01 efficiency_fraction=0.200002 rel_error_second_finest=3.50787e-05
EXAMPLE_RESULT research_01 finest_eff=20.0002 finest_voc=1.0504 finest_jsc=20.2550 finest_ff=0.8459 finest_pmax=0.0179985
EXAMPLE_RESULT research_09 n_srvs=6 voc_fast_V=0.49261 eff_fast_pct=6.42764
EXAMPLE_RESULT research_09 snl_1e+01_eff=6.4370 snl_1e+01_voc=0.4866 snl_1e+01_jsc=15.7624 snl_1e+01_ff=0.7552 snl_1e+01_pmax=0.00579279 snl_1e+02_eff=6.4286 snl_1e+02_voc=0.4919 snl_1e+02_jsc=15.6899 snl_1e+02_ff=0.7496 snl_1e+02_pmax=0.00578525 snl_1e+03_eff=6.4277 snl_1e+03_voc=0.4925 snl_1e+03_jsc=15.6824 snl_1e+03_ff=0.7489 snl_1e+03_pmax=0.00578443 snl_1e+05_eff=6.4276 snl_1e+05_voc=0.4926 snl_1e+05_jsc=15.6816 snl_1e+05_ff=0.7488 snl_1e+05_pmax=0.00578434 snl_1e+07_eff=6.4276 snl_1e+07_voc=0.4926 snl_1e+07_jsc=15.6816 snl_1e+07_ff=0.7488 snl_1e+07_pmax=0.00578434 snl_1e+09_eff=6.4276 snl_1e+09_voc=0.4926 snl_1e+09_jsc=15.6816 snl_1e+09_ff=0.7488 snl_1e+09_pmax=0.00578434
EXAMPLE_RESULT research_06 baseline_fraction=0.162929 optimized_fraction=0.189089
EXAMPLE_RESULT research_07 top_eff=14.5073 top_voc=0.9408 top_jsc=17.3669 top_ff=0.7990 top_pmax=0.0130554 bottom_eff=6.5971 bottom_voc=0.4803 bottom_jsc=16.1696 bottom_ff=0.7644 bottom_pmax=0.00593684
EXAMPLE_RESULT research_07 min_abs_mismatch_mA=1.19732 best_tandem_eta_percent=18.783
EXAMPLE_RESULT research_06 baseline_eff=16.2654 baseline_voc=0.9821 baseline_jsc=17.8663 baseline_ff=0.8342 baseline_pmax=0.0146375 optimized_eff=19.2104 optimized_voc=0.9857 optimized_jsc=20.8468 optimized_ff=0.8413 optimized_pmax=0.0172878
EXAMPLE_RESULT research_08 boltzmann_eff=6.6120 boltzmann_voc=0.4935 boltzmann_jsc=15.6816 boltzmann_ff=0.7689 boltzmann_pmax=0.00595029 blakemore_eff=6.6120 blakemore_voc=0.4935 blakemore_jsc=15.6816 blakemore_ff=0.7689 blakemore_pmax=0.00595029 exact_eff=6.6112 exact_voc=0.4934 exact_jsc=15.6817 exact_ff=0.7689 exact_pmax=0.00594953
EXAMPLE_RESULT research_10 n_curves=6 gmax_thin=1.05734e-11
EXAMPLE_RESULT research_11 y0_vs_didv_rel=1.31859e-05 efficiency_fraction=0.0664815 voc_V=0.489913 jsc_A_per_cm2=0.0156816 ff=0.778743 pmax_dimensionless=2.11189e-07
EXAMPLE_RESULT research_16 abrupt_eff=0.0642764 graded_eff=0.0798081
EXAMPLE_RESULT research_16 abrupt_eff=6.4276 abrupt_voc=0.4926 abrupt_jsc=15.6816 abrupt_ff=0.7488 abrupt_pmax=0.00578434 graded_eff=7.9808 graded_voc=0.4622 graded_jsc=20.4243 graded_ff=0.7608 graded_pmax=0.00718206
EXAMPLE_RESULT research_15 ex1_eff_pct=19.8891 ex2_eff_pct=13.309 ex1_maxdI=4.17979e-05 ex2_maxdI=0.00360207
EXAMPLE_RESULT research_15 ex1_eff=19.8891 ex1_voc=1.0495 ex1_jsc=20.2550 ex1_ff=0.8419 ex1_pmax=0.0178985 ex2_eff=13.3090 ex2_voc=0.8873 ex2_jsc=18.1638 ex2_ff=0.7432 ex2_pmax=0.011977
EXAMPLE_RESULT research_12 bandgap_eV=1.61991 thickness_um=2.5 pce_percent=19.8028
EXAMPLE_RESULT research_12 optimal_eff=19.8028 optimal_voc=1.1196 optimal_jsc=18.6242 optimal_ff=0.8546 optimal_pmax=0.0178208
EXAMPLE_RESULT research_14_dgsm_global N=32 max_dgsm=1
EXAMPLE_RESULT research_13 truth_thickness_nm=1800 fitted_thickness_nm=1800 final_mse=5.13586e-20
